16:23:59 **** Incremental Build of configuration Debug for project BALi ****
make -j4 all 
arm-none-eabi-gcc -mcpu=cortex-m4 -g3 -DDEBUG -c -I"D:/GITHUB/SMT32F4/BASE2024/MCAL" -x assembler-with-cpp -MMD -MP -MF"Startup/startup_stm32f401retx.d" -MT"Startup/startup_stm32f401retx.o" --specs=nano.specs -mfpu=fpv4-sp-d16 -mfloat-abi=softfp -mthumb -o "Startup/startup_stm32f401retx.o" "../Startup/startup_stm32f401retx.s"
arm-none-eabi-gcc "../Src/i2cDeivces.c" -mcpu=cortex-m4 -std=gnu11 -g3 -DSTM32 -DSTM32F4 -DSTM32F401RETx -DDEBUG -c -I"D:/GITHUB/SMT32F4/BASE2024/MCAL" -I"D:/GITHUB/SMT32F4/BASE2024/CMSIS/Include" -I"D:/GITHUB/SMT32F4/BASE2024/CMSIS/Device/ST/STM32F4xx/Include" -I"D:/GITHUB/SMT32F4/BASE2024/MCAL/Inc" -I"D:/GITHUB/SMT32F4/BASE2024/MCAL/Inc/mcalTimer" -I"D:/GITHUB/SMT32F4/BASE2024/Balancer" -I"D:/GITHUB/SMT32F4/BASE2024/Balancer/Inc" -I"D:/GITHUB/SMT32F4/BASE2024/BALi/Inc" -O0 -ffunction-sections -fdata-sections -Wall -fstack-usage -fcyclomatic-complexity -MMD -MP -MF"Src/i2cDeivces.d" -MT"Src/i2cDeivces.o" --specs=nano.specs -mfpu=fpv4-sp-d16 -mfloat-abi=softfp -mthumb -o "Src/i2cDeivces.o"
arm-none-eabi-gcc "../Src/main.c" -mcpu=cortex-m4 -std=gnu11 -g3 -DSTM32 -DSTM32F4 -DSTM32F401RETx -DDEBUG -c -I"D:/GITHUB/SMT32F4/BASE2024/MCAL" -I"D:/GITHUB/SMT32F4/BASE2024/CMSIS/Include" -I"D:/GITHUB/SMT32F4/BASE2024/CMSIS/Device/ST/STM32F4xx/Include" -I"D:/GITHUB/SMT32F4/BASE2024/MCAL/Inc" -I"D:/GITHUB/SMT32F4/BASE2024/MCAL/Inc/mcalTimer" -I"D:/GITHUB/SMT32F4/BASE2024/Balancer" -I"D:/GITHUB/SMT32F4/BASE2024/Balancer/Inc" -I"D:/GITHUB/SMT32F4/BASE2024/BALi/Inc" -O0 -ffunction-sections -fdata-sections -Wall -fstack-usage -fcyclomatic-complexity -MMD -MP -MF"Src/main.d" -MT"Src/main.o" --specs=nano.specs -mfpu=fpv4-sp-d16 -mfloat-abi=softfp -mthumb -o "Src/main.o"
arm-none-eabi-gcc "../Src/regler.c" -mcpu=cortex-m4 -std=gnu11 -g3 -DSTM32 -DSTM32F4 -DSTM32F401RETx -DDEBUG -c -I"D:/GITHUB/SMT32F4/BASE2024/MCAL" -I"D:/GITHUB/SMT32F4/BASE2024/CMSIS/Include" -I"D:/GITHUB/SMT32F4/BASE2024/CMSIS/Device/ST/STM32F4xx/Include" -I"D:/GITHUB/SMT32F4/BASE2024/MCAL/Inc" -I"D:/GITHUB/SMT32F4/BASE2024/MCAL/Inc/mcalTimer" -I"D:/GITHUB/SMT32F4/BASE2024/Balancer" -I"D:/GITHUB/SMT32F4/BASE2024/Balancer/Inc" -I"D:/GITHUB/SMT32F4/BASE2024/BALi/Inc" -O0 -ffunction-sections -fdata-sections -Wall -fstack-usage -fcyclomatic-complexity -MMD -MP -MF"Src/regler.d" -MT"Src/regler.o" --specs=nano.specs -mfpu=fpv4-sp-d16 -mfloat-abi=softfp -mthumb -o "Src/regler.o"
arm-none-eabi-gcc "../Src/system_stm32f4xx.c" -mcpu=cortex-m4 -std=gnu11 -g3 -DSTM32 -DSTM32F4 -DSTM32F401RETx -DDEBUG -c -I"D:/GITHUB/SMT32F4/BASE2024/MCAL" -I"D:/GITHUB/SMT32F4/BASE2024/CMSIS/Include" -I"D:/GITHUB/SMT32F4/BASE2024/CMSIS/Device/ST/STM32F4xx/Include" -I"D:/GITHUB/SMT32F4/BASE2024/MCAL/Inc" -I"D:/GITHUB/SMT32F4/BASE2024/MCAL/Inc/mcalTimer" -I"D:/GITHUB/SMT32F4/BASE2024/Balancer" -I"D:/GITHUB/SMT32F4/BASE2024/Balancer/Inc" -I"D:/GITHUB/SMT32F4/BASE2024/BALi/Inc" -O0 -ffunction-sections -fdata-sections -Wall -fstack-usage -fcyclomatic-complexity -MMD -MP -MF"Src/system_stm32f4xx.d" -MT"Src/system_stm32f4xx.o" --specs=nano.specs -mfpu=fpv4-sp-d16 -mfloat-abi=softfp -mthumb -o "Src/system_stm32f4xx.o"
arm-none-eabi-gcc "../Src/xyzScope.c" -mcpu=cortex-m4 -std=gnu11 -g3 -DSTM32 -DSTM32F4 -DSTM32F401RETx -DDEBUG -c -I"D:/GITHUB/SMT32F4/BASE2024/MCAL" -I"D:/GITHUB/SMT32F4/BASE2024/CMSIS/Include" -I"D:/GITHUB/SMT32F4/BASE2024/CMSIS/Device/ST/STM32F4xx/Include" -I"D:/GITHUB/SMT32F4/BASE2024/MCAL/Inc" -I"D:/GITHUB/SMT32F4/BASE2024/MCAL/Inc/mcalTimer" -I"D:/GITHUB/SMT32F4/BASE2024/Balancer" -I"D:/GITHUB/SMT32F4/BASE2024/Balancer/Inc" -I"D:/GITHUB/SMT32F4/BASE2024/BALi/Inc" -O0 -ffunction-sections -fdata-sections -Wall -fstack-usage -fcyclomatic-complexity -MMD -MP -MF"Src/xyzScope.d" -MT"Src/xyzScope.o" --specs=nano.specs -mfpu=fpv4-sp-d16 -mfloat-abi=softfp -mthumb -o "Src/xyzScope.o"
arm-none-eabi-gcc -o "BALi.elf" @"objects.list"  -lBalancer -lMCAL -mcpu=cortex-m4 -T"D:\GITHUB\SMT32F4\BASE2024\BALi\STM32F401RETX_FLASH.ld" --specs=nosys.specs -Wl,-Map="BALi.map" -Wl,--gc-sections -static -L"D:\GITHUB\SMT32F4\BASE2024\MCAL\Debug" -L"D:\GITHUB\SMT32F4\BASE2024\CMSIS\Debug" -L"D:\GITHUB\SMT32F4\BASE2024\MCAL\Debug\Src" -L"D:\GITHUB\SMT32F4\BASE2024\Balancer\Debug" -L"D:\GITHUB\SMT32F4\BASE2024\Balancer\Debug\Src" --specs=nano.specs -mfpu=fpv4-sp-d16 -mfloat-abi=softfp -mthumb -u _printf_float -Wl,--start-group -lc -lm -Wl,--end-group
Finished building target: BALi.elf
 
arm-none-eabi-size   BALi.elf 
arm-none-eabi-objdump -h -S  BALi.elf  > "BALi.list"
   text	   data	    bss	    dec	    hex	filename
  44224	   1496	   2288	  48008	   bb88	BALi.elf
Finished building: default.size.stdout
 
Finished building: BALi.list
 

16:24:01 Build Finished. 0 errors, 0 warnings. (took 2s.175ms)

